// Jest Snapshot v1, https://goo.gl/fbAQLP

exports[`SanityImage provides a valid renderless component 1`] = `<img src="https://cdn.sanity.io/images/undefined/production/G3i4emG6B8JnTmGoN0UjgAp8-300x450.jpg?auto=format">`;
